// Jest Snapshot v1, https://goo.gl/fbAQLP

exports[`CoBotsV2 tokenURI Token 0 should match snapshot 1`] = `"data:application/json,{\\"image\\": \\"data:image/svg+xml,%3csvg%20xmlns=%27http://www.w3.org/2000/svg%27%20viewBox=%270%200%2045%2045%27%20width=%27450px%27%20height=%27450px%27%3e%3crect%20x=%270%27%20y=%270%27%20width=%2745%27%20height=%2745%27%20fill=%27%23FFFFFF%27/%3e%3crect%20x=%279%27%20y=%2722%27%20width=%2727%27%20height=%2711%27%20fill=%27%23000000%27/%3e%3crect%20x=%2710%27%20y=%2721%27%20width=%2725%27%20height=%2713%27%20fill=%27%23000000%27/%3e%3crect%20x=%2713%27%20y=%2712%27%20width=%2719%27%20height=%274%27%20fill=%27%23000000%27/%3e%3crect%20x=%2714%27%20y=%2711%27%20width=%2717%27%20height=%276%27%20fill=%27%23000000%27/%3e%3crect%20x=%2716%27%20y=%278%27%20width=%2713%27%20height=%2712%27%20fill=%27%23000000%27/%3e%3crect%20x=%2710%27%20y=%2722%27%20width=%2725%27%20height=%2711%27%20fill=%27%23CED5D9%27/%3e%3crect%20x=%2714%27%20y=%2712%27%20width=%2717%27%20height=%274%27%20fill=%27%23CED5D9%27/%3e%3crect%20x=%2715%27%20y=%279%27%20width=%2715%27%20height=%2710%27%20fill=%27%23000000%27/%3e%3crect%20x=%2716%27%20y=%279%27%20width=%2713%27%20height=%2710%27%20fill=%27%23CED5D9%27/%3e%3crect%20x=%2711%27%20y=%2723%27%20width=%2723%27%20height=%279%27%20fill=%27%23000000%27/%3e%3crect%20x=%2715%27%20y=%2729%27%20width=%273%27%20height=%271%27%20fill=%27%2300FF00%27/%3e%3crect%20x=%2717%27%20y=%2726%27%20width=%271%27%20height=%273%27%20fill=%27%2300FF00%27/%3e%3crect%20x=%2715%27%20y=%2726%27%20width=%271%27%20height=%273%27%20fill=%27%2300FF00%27/%3e%3crect%20x=%2715%27%20y=%2725%27%20width=%273%27%20height=%271%27%20fill=%27%2300FF00%27/%3e%3crect%20x=%2719%27%20y=%2729%27%20width=%273%27%20height=%271%27%20fill=%27%2300FF00%27/%3e%3crect%20x=%2721%27%20y=%2726%27%20width=%271%27%20height=%273%27%20fill=%27%2300FF00%27/%3e%3crect%20x=%2719%27%20y=%2726%27%20width=%271%27%20height=%273%27%20fill=%27%2300FF00%27/%3e%3crect%20x=%2719%27%20y=%2725%27%20width=%273%27%20height=%271%27%20fill=%27%2300FF00%27/%3e%3crect%20x=%2723%27%20y=%2729%27%20width=%273%27%20height=%271%27%20fill=%27%2300FF00%27/%3e%3crect%20x=%2725%27%20y=%2726%27%20width=%271%27%20height=%273%27%20fill=%27%2300FF00%27/%3e%3crect%20x=%2723%27%20y=%2726%27%20width=%271%27%20height=%273%27%20fill=%27%2300FF00%27/%3e%3crect%20x=%2723%27%20y=%2725%27%20width=%273%27%20height=%271%27%20fill=%27%2300FF00%27/%3e%3crect%20x=%2727%27%20y=%2729%27%20width=%273%27%20height=%271%27%20fill=%27%2300FF00%27/%3e%3crect%20x=%2729%27%20y=%2726%27%20width=%271%27%20height=%273%27%20fill=%27%2300FF00%27/%3e%3crect%20x=%2727%27%20y=%2726%27%20width=%271%27%20height=%273%27%20fill=%27%2300FF00%27/%3e%3crect%20x=%2727%27%20y=%2725%27%20width=%273%27%20height=%271%27%20fill=%27%2300FF00%27/%3e%3crect%20x=%2717%27%20y=%2710%27%20width=%2711%27%20height=%275%27%20fill=%27%23000000%27/%3e%3crect%20x=%2718%27%20y=%2711%27%20width=%271%27%20height=%271%27%20fill=%27%23FFFFFF%27/%3e%3crect%20x=%2725%27%20y=%2717%27%20width=%271%27%20height=%271%27%20fill=%27%23000000%27/%3e%3crect%20x=%2723%27%20y=%2717%27%20width=%271%27%20height=%271%27%20fill=%27%23000000%27/%3e%3crect%20x=%2721%27%20y=%2717%27%20width=%271%27%20height=%271%27%20fill=%27%23000000%27/%3e%3crect%20x=%2719%27%20y=%2717%27%20width=%271%27%20height=%271%27%20fill=%27%23000000%27/%3e%3crect%20x=%2726%27%20y=%2716%27%20width=%271%27%20height=%271%27%20fill=%27%23000000%27/%3e%3crect%20x=%2724%27%20y=%2716%27%20width=%271%27%20height=%271%27%20fill=%27%23000000%27/%3e%3crect%20x=%2722%27%20y=%2716%27%20width=%271%27%20height=%271%27%20fill=%27%23000000%27/%3e%3crect%20x=%2720%27%20y=%2716%27%20width=%271%27%20height=%271%27%20fill=%27%23000000%27/%3e%3crect%20x=%2718%27%20y=%2716%27%20width=%271%27%20height=%271%27%20fill=%27%23000000%27/%3e%3crect%20x=%2725%27%20y=%277%27%20width=%271%27%20height=%271%27%20fill=%27%23000000%27/%3e%3crect%20x=%2723%27%20y=%277%27%20width=%271%27%20height=%271%27%20fill=%27%23000000%27/%3e%3crect%20x=%2721%27%20y=%277%27%20width=%271%27%20height=%271%27%20fill=%27%23000000%27/%3e%3crect%20x=%2719%27%20y=%277%27%20width=%271%27%20height=%271%27%20fill=%27%23000000%27/%3e%3crect%20x=%2718%27%20y=%2735%27%20width=%279%27%20height=%271%27%20fill=%27%23000000%27/%3e%3crect%20x=%2717%27%20y=%2734%27%20width=%2711%27%20height=%271%27%20fill=%27%23000000%27/%3e%3crect%20x=%2722%27%20y=%2740%27%20width=%271%27%20height=%271%27%20fill=%27%23FFD500%27/%3e%3crect%20x=%2721%27%20y=%2739%27%20width=%273%27%20height=%271%27%20fill=%27%23FFD500%27/%3e%3crect%20x=%2720%27%20y=%2738%27%20width=%275%27%20height=%271%27%20fill=%27%23FFD500%27/%3e%3crect%20x=%2719%27%20y=%2736%27%20width=%277%27%20height=%272%27%20fill=%27%23FFD500%27/%3e%3crect%20x=%2722%27%20y=%2738%27%20width=%271%27%20height=%271%27%20fill=%27%23FF6B00%27/%3e%3crect%20x=%2721%27%20y=%2737%27%20width=%273%27%20height=%271%27%20fill=%27%23FF6B00%27/%3e%3crect%20x=%2720%27%20y=%2736%27%20width=%275%27%20height=%271%27%20fill=%27%23FF6B00%27/%3e%3crect%20x=%2722%27%20y=%2736%27%20width=%271%27%20height=%271%27%20fill=%27%23FF0000%27/%3e%3crect%20x=%2718%27%20y=%2734%27%20width=%279%27%20height=%271%27%20fill=%27%23CED5D9%27/%3e%3crect%20x=%270%27%20y=%270%27%20width=%270%27%20height=%270%27%20fill=%27%23000000%27/%3e%3cstyle%3erect{shape-rendering:crispEdges}%3c/style%3e%3c/svg%3e\\",\\"description\\": \\"Co-Bots are cooperation robots | CC0 & 100% On-Chain | co-bots.com.\\",\\"name\\": \\"Co-Bot #0\\",\\"attributes\\": [{\\"trait_type\\": \\"Eyes\\", \\"value\\": \\"Cyclops\\"},{\\"trait_type\\": \\"Mouth\\", \\"value\\": \\"Classic\\"},{\\"trait_type\\": \\"Antenna\\", \\"value\\": \\"Buzzed\\"},{\\"trait_type\\": \\"Feet\\", \\"value\\": \\"Firey\\"},{\\"trait_type\\": \\"Status\\", \\"value\\": \\"Metta\\"}]}"`;
