// Jest Snapshot v1, https://goo.gl/fbAQLP

exports[`CoBots mintPublicSale should mint with random seeds 1`] = `
Array [
  171,
  152,
  45,
  244,
  34,
  124,
  95,
  217,
  255,
  57,
]
`;
